// Vitest Snapshot v1, https://vitest.dev/guide/snapshot.html

exports[`FabButton.vue > Snapshot > deve corresponder ao snapshot 1`] = `"<button data-v-6fd71920="" title="Adicionar" aria-label="Floating Action Button" type="button" class="btn fab" style="background-image: linear-gradient(60deg, rgb(102, 187, 106), rgb(67, 160, 71)); position: fixed; bottom: 24px; right: 24px; width: 56px; height: 56px; border-radius: 50%; display: inline-flex; align-items: center; justify-content: center; box-shadow: 0 6px 16px rgba(0,0,0,0.18); z-index: 1050; padding: 0px;"><i data-v-6fd71920="" aria-hidden="true" class="bi bi-plus" style="font-size: 50px; color: white;"></i></button>"`;

exports[`FabButton.vue > Snapshot > deve corresponder ao snapshot com props customizadas 1`] = `"<button data-v-6fd71920="" title="Favoritar" aria-label="Floating Action Button" type="button" class="btn fab" style="background-image: linear-gradient(60deg, rgb(102, 187, 106), rgb(67, 160, 71)); position: fixed; bottom: 40px; right: 40px; width: 64px; height: 64px; border-radius: 50%; display: inline-flex; align-items: center; justify-content: center; box-shadow: 0 6px 16px rgba(0,0,0,0.18); z-index: 1050; padding: 0px;"><i data-v-6fd71920="" aria-hidden="true" class="bi bi-star" style="font-size: 50px; color: white;"></i></button>"`;
